Traceback (most recent call last):
  File "/workspace/secondary_worker.py", line 148, in <module>
    main()
  File "/workspace/secondary_worker.py", line 107, in main
    confirm.require_frozen()
  File "/workspace/repo/artifacts/stage4_composition_confirm_v1_0p6b/code/confirm.py", line 1238, in require_frozen
    require_selection()
  File "/workspace/repo/artifacts/stage4_composition_confirm_v1_0p6b/code/confirm.py", line 956, in require_selection
    require_preregistered()
  File "/workspace/repo/artifacts/stage4_composition_confirm_v1_0p6b/code/confirm.py", line 864, in require_preregistered
    if value.get("source_audit") != source_audit():
                                    ^^^^^^^^^^^^^^
  File "/workspace/repo/artifacts/stage4_composition_confirm_v1_0p6b/code/confirm.py", line 792, in source_audit
    "discover_hash": sha256(PILOT_DATA / "discover_trajectories.jsonl") == CONFIG["source"]["discover_trajectories_sha256"],
                     ^^^^^^^^^^^^^^^^^^^^^^^^^^^^^^^^^^^^^^^^^^^^^^^^^^
  File "/workspace/repo/artifacts/stage4_composition_confirm_v1_0p6b/code/confirm.py", line 124, in sha256
    with Path(path).open("rb") as handle:
         ^^^^^^^^^^^^^^^^^^^^^
  File "/usr/lib/python3.12/pathlib.py", line 1015, in open
    return io.open(self, mode, buffering, encoding, errors, newline)
           ^^^^^^^^^^^^^^^^^^^^^^^^^^^^^^^^^^^^^^^^^^^^^^^^^^^^^^^^^
FileNotFoundError: [Errno 2] No such file or directory: '/workspace/repo/artifacts/stage4_distill_v5_0p6b_exploratory_sh1_72p8/data/discover_trajectories.jsonl'
