Traceback (most recent call last):
  File "/workspace/secondary_worker.py", line 137, in <module>
    main()
  File "/workspace/secondary_worker.py", line 96, in main
    confirm.require_frozen()
  File "/workspace/repo/artifacts/stage4_composition_confirm_v1_0p6b/code/confirm.py", line 1234, in require_frozen
    recovery = require_recovery_amendment()
               ^^^^^^^^^^^^^^^^^^^^^^^^^^^^
  File "/workspace/repo/artifacts/stage4_composition_confirm_v1_0p6b/code/confirm.py", line 542, in require_recovery_amendment
    _assert_amendment_commit(receipt)
  File "/workspace/repo/artifacts/stage4_composition_confirm_v1_0p6b/code/confirm.py", line 438, in _assert_amendment_commit
    if subprocess.run(
       ^^^^^^^^^^^^^^^
  File "/usr/lib/python3.12/subprocess.py", line 548, in run
    with Popen(*popenargs, **kwargs) as process:
         ^^^^^^^^^^^^^^^^^^^^^^^^^^^
  File "/usr/lib/python3.12/subprocess.py", line 1026, in __init__
    self._execute_child(args, executable, preexec_fn, close_fds,
  File "/usr/lib/python3.12/subprocess.py", line 1955, in _execute_child
    raise child_exception_type(errno_num, err_msg, err_filename)
FileNotFoundError: [Errno 2] No such file or directory: 'git'
