nonlinear_list_v1 atomic_train: 10 tasks
nonlinear_list_v1 train_four: 8 tasks
nonlinear_list_v1 dev_A: 2 tasks
nonlinear_list_v1 dev4_A: 2 tasks
nonlinear_list_v1 dev_panel_A: 4 tasks
nonlinear_list_v1 dev_B: 2 tasks
nonlinear_list_v1 dev4_B: 2 tasks
nonlinear_list_v1 dev_panel_B: 4 tasks
nonlinear_list_v1 dev_C: 2 tasks
nonlinear_list_v1 dev4_C: 2 tasks
nonlinear_list_v1 dev_panel_C: 4 tasks
nonlinear_list_v1 dev_D: 2 tasks
nonlinear_list_v1 dev4_D: 2 tasks
nonlinear_list_v1 dev_panel_D: 4 tasks
nonlinear_list_v1 dev_atomic: 10 tasks
nonlinear_list_v1 final_A: 2 tasks
nonlinear_list_v1 final4_A: 2 tasks
nonlinear_list_v1 final_panel_A: 4 tasks
nonlinear_list_v1 final_B: 2 tasks
nonlinear_list_v1 final4_B: 2 tasks
nonlinear_list_v1 final_panel_B: 4 tasks
nonlinear_list_v1 final_C: 2 tasks
nonlinear_list_v1 final4_C: 2 tasks
nonlinear_list_v1 final_panel_C: 4 tasks
nonlinear_list_v1 final_D: 2 tasks
nonlinear_list_v1 final4_D: 2 tasks
nonlinear_list_v1 final_panel_D: 4 tasks
nonlinear_list_v1 final_atomic: 10 tasks
